package main

import (
	"github.com/akrennmair/pascal/pas2go/system"
)

var _ = system.Write

// program test
func main() {
	type (
		y struct {
			c *int
		}
	)

	var (
		x struct {
			a *int
			b *y
		}
	)
	_ = x

	x.a = new(int)
	x.b = new(y)
	(*x.b).c = new(int)
	(*x.a) = (*(*x.b).c)
	(*(*x.b).c) = 23
	(*(*x.b).c) = (*x.a)
	(*x.b).c = nil
	x.b = nil
	x.a = nil
}
