package main

import (
	"github.com/akrennmair/pascal/pas2go/system"
)

var _ = system.Write

// program test
func main() {
	var (
		a int
		b float64
		c string
		d bool
		e bool
		f byte
	)
	_ = a
	_ = b
	_ = c
	_ = d
	_ = e
	_ = f

	a = 1
	b = 23.5e0
	c = "hello world!"
	d = true
	e = false
	f = 'X'
}
